// Jest Snapshot v1, https://goo.gl/fbAQLP

exports[`App renders the root without loading screen 1`] = `
<View
  onLayout={[Function]}
  style={
    Object {
      "backgroundColor": "#fff",
      "flex": 1,
    }
  }
>
  <AppNavigator />
</View>
`;
