// Jest Snapshot v1, https://goo.gl/fbAQLP

exports[`Join group Screen renders the join group screen 1`] = `
<View
  style={
    Object {
      "flex": 1,
    }
  }
>
  <RCTScrollView
    contentContainerStyle={
      Object {
        "alignItems": "center",
        "flexGrow": 1,
        "justifyContent": "center",
      }
    }
    keyboardShouldPersistTaps="handled"
    style={
      Object {
        "backgroundColor": "#fff",
        "width": "100%",
      }
    }
  >
    <View>
      <View
        onLayout={[Function]}
      >
        <View
          style={
            Object {
              "alignItems": "center",
              "backgroundColor": "#fff",
              "flex": 1,
              "justifyContent": "center",
              "paddingBottom": 30,
              "paddingTop": 18,
            }
          }
        >
          <Image
            accessibilityLabel="Peerdea app logo"
            accessible={true}
            source={1}
            style={
              Object {
                "height": 51,
                "width": 300,
              }
            }
          />
          <Text
            style={
              Object {
                "color": "rgba(96,100,109, 1)",
                "fontSize": 17,
                "lineHeight": 20,
                "marginBottom": 10,
                "marginLeft": 10,
                "marginRight": 10,
                "textAlign": "center",
              }
            }
          >
            Join a group below:
          </Text>
          <TextInput
            accessibilityLabel="groupName"
            blurOnSubmit={false}
            onChangeText={[Function]}
            onSubmitEditing={[Function]}
            placeholder="Enter your group name"
            returnKeyType="next"
            style={
              Object {
                "borderColor": "gray",
                "borderRadius": 5,
                "borderWidth": 1,
                "height": 40,
                "marginBottom": 10,
                "paddingHorizontal": 3,
                "width": "100%",
              }
            }
            textContentType="oneTimeCode"
          />
          <View
            accessible={true}
            focusable={true}
            onClick={[Function]}
            onResponderGrant={[Function]}
            onResponderMove={[Function]}
            onResponderRelease={[Function]}
            onResponderTerminate={[Function]}
            onResponderTerminationRequest={[Function]}
            onStartShouldSetResponder={[Function]}
            style={
              Object {
                "backgroundColor": "#0076ff",
                "borderColor": "#0076ff",
                "borderRadius": 9,
                "borderWidth": 1,
                "elevation": 3,
                "height": 50,
                "justifyContent": "center",
                "width": "90%",
              }
            }
          >
            <Text
              style={
                Object {
                  "alignItems": "center",
                  "color": "#ffffff",
                  "fontSize": 20,
                  "justifyContent": "center",
                  "paddingHorizontal": "8%",
                }
              }
            >
              Join group
            </Text>
          </View>
        </View>
      </View>
    </View>
  </RCTScrollView>
</View>
`;
